    Checking memchr v2.8.0
    Checking pin-project-lite v0.2.17
    Checking cfg-if v1.0.4
    Checking once_cell v1.21.3
    Checking bytes v1.11.1
    Checking futures-core v0.3.32
    Checking stable_deref_trait v1.2.1
    Checking futures-sink v0.3.32
    Checking itoa v1.0.17
    Checking slab v0.4.12
    Checking smallvec v1.15.1
    Checking futures-task v0.3.32
    Checking bitflags v2.11.0
    Checking regex-syntax v0.8.10
    Checking futures-io v0.3.32
    Checking writeable v0.6.2
    Checking litemap v0.8.1
    Checking log v0.4.29
    Checking equivalent v1.0.2
    Checking percent-encoding v2.3.2
    Checking hashbrown v0.16.1
    Checking zeroize v1.8.2
    Checking libc v0.2.182
    Checking serde_core v1.0.228
    Checking icu_normalizer_data v2.1.1
    Checking icu_properties_data v2.1.2
    Checking zmij v1.0.21
    Checking untrusted v0.9.0
    Checking atomic-waker v1.1.2
    Checking fnv v1.0.7
    Checking try-lock v0.2.5
    Checking linux-raw-sys v0.12.1
    Checking zerofrom v0.1.6
    Checking futures-channel v0.3.32
    Checking tower-service v0.3.3
    Checking typenum v1.19.0
    Checking httparse v1.10.1
    Checking httpdate v1.0.3
    Checking pin-utils v0.1.0
    Checking crossbeam-utils v0.8.21
    Checking form_urlencoded v1.2.2
    Checking utf8parse v0.2.2
    Checking want v0.3.1
    Checking tracing-core v0.1.36
    Checking rustls-pki-types v1.14.0
    Checking ipnet v2.11.0
   Compiling minimal-lexical v0.2.1
    Checking subtle v2.6.1
    Checking lazy_static v1.5.0
    Checking utf8_iter v1.0.4
    Checking base64 v0.22.1
    Checking unicode-width v0.2.2
    Checking zerocopy v0.8.40
    Checking yoke v0.8.1
    Checking sync_wrapper v1.0.2
    Checking anstyle-parse v0.2.7
    Checking same-file v1.0.6
   Compiling peg-runtime v0.6.3
    Checking colorchoice v1.0.4
    Checking anstyle v1.0.13
    Checking is_terminal_polyfill v1.70.2
   Compiling either v1.15.0
   Compiling bytecount v0.6.9
    Checking tower-layer v0.3.3
    Checking anstyle-query v1.1.5
    Checking walkdir v2.5.0
   Compiling regex-syntax v0.7.5
    Checking iri-string v0.7.10
    Checking ryu v1.0.23
    Checking zerovec v0.11.5
    Checking zerotrie v0.2.3
   Compiling nom v7.1.3
    Checking scopeguard v1.2.0
    Checking smawk v0.3.2
    Checking option-ext v0.2.0
    Checking clap_lex v1.0.0
    Checking unicode-linebreak v0.1.5
    Checking strsim v0.11.1
    Checking anstream v0.6.21
    Checking rustix v1.1.4
   Compiling peg-macros v0.6.3
    Checking lock_api v0.4.14
   Compiling itertools v0.13.0
    Checking thiserror v1.0.69
    Checking typed-builder v0.15.2
    Checking http v1.4.0
    Checking aho-corasick v1.1.4
    Checking futures-util v0.3.32
    Checking bstr v1.12.1
    Checking crossbeam-epoch v0.9.20
    Checking sharded-slab v0.1.7
    Checking tracing v0.1.44
    Checking webpki-roots v1.0.6
    Checking tracing-log v0.2.0
    Checking thread_local v1.1.9
    Checking fastrand v2.3.0
    Checking unicase v2.9.0
    Checking textwrap v0.16.2
    Checking deadpool-runtime v0.1.4
    Checking indexmap v2.13.0
    Checking humantime v2.3.0
    Checking nu-ansi-term v0.50.3
    Checking cpufeatures v0.2.17
    Checking pin-project v1.1.11
    Checking thiserror v2.0.18
    Checking anyhow v1.0.102
    Checking inventory v0.3.22
    Checking pulldown-cmark v0.13.1
    Checking linked-hash-map v0.5.6
    Checking similar v2.7.0
    Checking crossbeam-deque v0.8.6
    Checking urlencoding v2.1.3
    Checking drain_filter_polyfill v0.1.3
    Checking generic-array v0.14.7
    Checking tinystr v0.8.2
    Checking potential_utf v0.1.4
    Checking icu_collections v2.1.1
    Checking icu_locale_core v2.1.1
    Checking errno v0.3.14
    Checking mio v1.1.1
    Checking socket2 v0.6.2
    Checking getrandom v0.2.17
    Checking getrandom v0.4.1
    Checking dirs-sys v0.5.0
    Checking parking_lot_core v0.9.12
    Checking num_cpus v1.17.0
    Checking console v0.15.11
    Checking signal-hook-registry v1.4.8
    Checking dirs v6.0.0
    Checking filetime v0.2.27
    Checking ring v0.17.14
    Checking rand_core v0.6.4
    Checking uuid v1.21.0
    Checking http-body v1.0.1
    Checking parking_lot v0.12.5
    Checking http-body-util v0.1.3
    Checking crypto-common v0.1.7
    Checking block-buffer v0.10.4
    Checking tokio v1.49.0
    Checking peg v0.6.3
    Checking digest v0.10.7
    Checking sha2 v0.10.9
    Checking icu_provider v2.1.1
    Checking regex-automata v0.4.14
    Checking icu_normalizer v2.1.1
    Checking icu_properties v2.1.2
    Checking nom_locate v4.2.0
    Checking serde v1.0.228
    Checking serde_json v1.0.149
    Checking terminal_size v0.4.3
    Checking tempfile v3.26.0
    Checking clap_builder v4.5.60
    Checking serde_urlencoded v0.7.1
    Checking tracing-serde v0.2.0
    Checking rustls-webpki v0.103.13
    Checking idna_adapter v1.2.1
    Checking idna v1.1.0
    Checking assert-json-diff v2.0.2
    Checking url v2.5.8
    Checking rustls v0.23.37
    Checking futures-executor v0.3.32
    Checking futures v0.3.32
    Checking serial_test v3.5.0
   Compiling gherkin v0.14.0
    Checking ppv-lite86 v0.2.21
    Checking clap v4.5.60
    Checking rand_chacha v0.3.1
    Checking regex v1.12.3
    Checking globset v0.4.18
    Checking matchers v0.2.0
    Checking tracing-subscriber v0.3.22
    Checking rand v0.8.6
    Checking ignore v0.4.25
    Checking cucumber-expressions v0.3.0
   Compiling lazy-regex-proc_macros v3.6.0
    Checking globwalk v0.9.1
    Checking lazy-regex v3.6.0
   Compiling cucumber-codegen v0.21.1
    Checking tokio-util v0.7.18
    Checking tower v0.5.3
    Checking quecto-line-io v0.2.1 (/home/swq/.quecto/container-environments/env-9aTSg9VupS/workspace/repo/quecto-line-io)
    Checking deadpool v0.12.3
    Checking quecto-tui v0.77.12 (/home/swq/.quecto/container-environments/env-9aTSg9VupS/workspace/repo/quecto-tui)
    Checking tokio-rustls v0.26.4
    Checking tower-http v0.6.8
    Checking h2 v0.4.16
    Checking cucumber v0.21.1
    Checking hyper v1.8.1
    Checking hyper-util v0.1.20
    Checking hyper-rustls v0.27.7
    Checking wiremock v0.6.5
    Checking reqwest v0.12.28
    Checking quecto-agentic-harness v0.107.5 (/home/swq/.quecto/container-environments/env-9aTSg9VupS/workspace/repo/quecto-agentic-harness)
error[E0061]: this function takes 3 arguments but 2 arguments were supplied
  --> quecto-agentic-harness/src/infrastructure/tools/agent_cmd_containers_tests.rs:63:28
   |
63 |     let missing = block_on(execute_container_command(
   |                            ^^^^^^^^^^^^^^^^^^^^^^^^^
64 |         None,
65 |         &serde_json::json!({"agent_id":"*","command":"get_containers"}),
   |         --------------------------------------------------------------- argument #2 of type `std::option::Option<&std::sync::Arc<EnvironmentControlUseCase>>` is missing
   |
note: function defined here
  --> quecto-agentic-harness/src/infrastructure/tools/agent_cmd_containers.rs:21:21
   |
21 | pub(super) async fn execute_container_command(
   |                     ^^^^^^^^^^^^^^^^^^^^^^^^^
22 |     list_environments: Option<&Arc<ListEnvironmentsQuery>>,
23 |     environment_control: Option<&Arc<EnvironmentControlUseCase>>,
   |     ------------------------------------------------------------
help: provide the argument
   |
63 |     let missing = block_on(execute_container_command(
64 |         None,
65 ~         /* std::option::Option<&std::sync::Arc<EnvironmentControlUseCase>> */,
66 ~         &serde_json::json!({"agent_id":"*","command":"get_containers"}),
   |

error[E0308]: mismatched types
  --> quecto-agentic-harness/src/infrastructure/tools/agent_cmd_containers_tests.rs:71:14
   |
71 |         Some(&uc),
   |         ---- ^^^ expected `&Arc<ListEnvironmentsQuery>`, found `&Arc<EnvironmentControlUseCase>`
   |         |
   |         arguments to this enum variant are incorrect
   |
   = note: expected reference `&std::sync::Arc<ListEnvironmentsQuery>`
              found reference `&std::sync::Arc<EnvironmentControlUseCase>`
help: the type constructed contains `&std::sync::Arc<EnvironmentControlUseCase>` due to the type of the argument passed
  --> quecto-agentic-harness/src/infrastructure/tools/agent_cmd_containers_tests.rs:71:9
   |
71 |         Some(&uc),
   |         ^^^^^---^
   |              |
   |              this argument influences the type of `Some`
note: tuple variant defined here
  --> /rustc/8bab26f4f68e0e26f0bb7960be334d5b520ea452/library/core/src/option.rs:605:4

error[E0061]: this function takes 3 arguments but 2 arguments were supplied
  --> quecto-agentic-harness/src/infrastructure/tools/agent_cmd_containers_tests.rs:70:33
   |
70 |     let wrong_target = block_on(execute_container_command(
   |                                 ^^^^^^^^^^^^^^^^^^^^^^^^^
71 |         Some(&uc),
72 |         &serde_json::json!({"agent_id":"child","command":"get_containers"}),
   |         ------------------------------------------------------------------- argument #2 of type `std::option::Option<&std::sync::Arc<EnvironmentControlUseCase>>` is missing
   |
note: function defined here
  --> quecto-agentic-harness/src/infrastructure/tools/agent_cmd_containers.rs:21:21
   |
21 | pub(super) async fn execute_container_command(
   |                     ^^^^^^^^^^^^^^^^^^^^^^^^^
22 |     list_environments: Option<&Arc<ListEnvironmentsQuery>>,
23 |     environment_control: Option<&Arc<EnvironmentControlUseCase>>,
   |     ------------------------------------------------------------
help: provide the argument
   |
70 |     let wrong_target = block_on(execute_container_command(
71 |         Some(&uc),
72 ~         /* std::option::Option<&std::sync::Arc<EnvironmentControlUseCase>> */,
73 ~         &serde_json::json!({"agent_id":"child","command":"get_containers"}),
   |

error[E0308]: mismatched types
  --> quecto-agentic-harness/src/infrastructure/tools/agent_cmd_containers_tests.rs:85:62
   |
85 |         let result = block_on(execute_container_command(Some(&uc), &args));
   |                                                         ---- ^^^ expected `&Arc<ListEnvironmentsQuery>`, found `&Arc<EnvironmentControlUseCase>`
   |                                                         |
   |                                                         arguments to this enum variant are incorrect
   |
   = note: expected reference `&std::sync::Arc<ListEnvironmentsQuery>`
              found reference `&std::sync::Arc<EnvironmentControlUseCase>`
help: the type constructed contains `&std::sync::Arc<EnvironmentControlUseCase>` due to the type of the argument passed
  --> quecto-agentic-harness/src/infrastructure/tools/agent_cmd_containers_tests.rs:85:57
   |
85 |         let result = block_on(execute_container_command(Some(&uc), &args));
   |                                                         ^^^^^---^
   |                                                              |
   |                                                              this argument influences the type of `Some`
note: tuple variant defined here
  --> /rustc/8bab26f4f68e0e26f0bb7960be334d5b520ea452/library/core/src/option.rs:605:4

error[E0061]: this function takes 3 arguments but 2 arguments were supplied
  --> quecto-agentic-harness/src/infrastructure/tools/agent_cmd_containers_tests.rs:85:31
   |
85 |         let result = block_on(execute_container_command(Some(&uc), &args));
   |                               ^^^^^^^^^^^^^^^^^^^^^^^^^            ----- argument #2 of type `std::option::Option<&std::sync::Arc<EnvironmentControlUseCase>>` is missing
   |
note: function defined here
  --> quecto-agentic-harness/src/infrastructure/tools/agent_cmd_containers.rs:21:21
   |
21 | pub(super) async fn execute_container_command(
   |                     ^^^^^^^^^^^^^^^^^^^^^^^^^
22 |     list_environments: Option<&Arc<ListEnvironmentsQuery>>,
23 |     environment_control: Option<&Arc<EnvironmentControlUseCase>>,
   |     ------------------------------------------------------------
help: provide the argument
   |
85 |         let result = block_on(execute_container_command(Some(&uc), /* std::option::Option<&std::sync::Arc<EnvironmentControlUseCase>> */, &args));
   |                                                                    ++++++++++++++++++++++++++++++++++++++++++++++++++++++++++++++++++++++

error[E0308]: mismatched types
  --> quecto-agentic-harness/src/infrastructure/tools/agent_cmd_containers_tests.rs:94:14
   |
94 |         Some(&uc),
   |         ---- ^^^ expected `&Arc<ListEnvironmentsQuery>`, found `&Arc<EnvironmentControlUseCase>`
   |         |
   |         arguments to this enum variant are incorrect
   |
   = note: expected reference `&std::sync::Arc<ListEnvironmentsQuery>`
              found reference `&std::sync::Arc<EnvironmentControlUseCase>`
help: the type constructed contains `&std::sync::Arc<EnvironmentControlUseCase>` due to the type of the argument passed
  --> quecto-agentic-harness/src/infrastructure/tools/agent_cmd_containers_tests.rs:94:9
   |
94 |         Some(&uc),
   |         ^^^^^---^
   |              |
   |              this argument influences the type of `Some`
note: tuple variant defined here
  --> /rustc/8bab26f4f68e0e26f0bb7960be334d5b520ea452/library/core/src/option.rs:605:4

error[E0061]: this function takes 3 arguments but 2 arguments were supplied
  --> quecto-agentic-harness/src/infrastructure/tools/agent_cmd_containers_tests.rs:93:28
   |
93 |     let listing = block_on(execute_container_command(
   |                            ^^^^^^^^^^^^^^^^^^^^^^^^^
94 |         Some(&uc),
95 |         &serde_json::json!({"agent_id":"*","command":"get_containers"}),
   |         --------------------------------------------------------------- argument #2 of type `std::option::Option<&std::sync::Arc<EnvironmentControlUseCase>>` is missing
   |
note: function defined here
  --> quecto-agentic-harness/src/infrastructure/tools/agent_cmd_containers.rs:21:21
   |
21 | pub(super) async fn execute_container_command(
   |                     ^^^^^^^^^^^^^^^^^^^^^^^^^
22 |     list_environments: Option<&Arc<ListEnvironmentsQuery>>,
23 |     environment_control: Option<&Arc<EnvironmentControlUseCase>>,
   |     ------------------------------------------------------------
help: provide the argument
   |
93 |     let listing = block_on(execute_container_command(
94 |         Some(&uc),
95 ~         /* std::option::Option<&std::sync::Arc<EnvironmentControlUseCase>> */,
96 ~         &serde_json::json!({"agent_id":"*","command":"get_containers"}),
   |

error[E0308]: mismatched types
   --> quecto-agentic-harness/src/infrastructure/tools/agent_cmd_containers_tests.rs:103:14
    |
103 |         Some(&uc),
    |         ---- ^^^ expected `&Arc<ListEnvironmentsQuery>`, found `&Arc<EnvironmentControlUseCase>`
    |         |
    |         arguments to this enum variant are incorrect
    |
    = note: expected reference `&std::sync::Arc<ListEnvironmentsQuery>`
               found reference `&std::sync::Arc<EnvironmentControlUseCase>`
help: the type constructed contains `&std::sync::Arc<EnvironmentControlUseCase>` due to the type of the argument passed
   --> quecto-agentic-harness/src/infrastructure/tools/agent_cmd_containers_tests.rs:103:9
    |
103 |         Some(&uc),
    |         ^^^^^---^
    |              |
    |              this argument influences the type of `Some`
note: tuple variant defined here
   --> /rustc/8bab26f4f68e0e26f0bb7960be334d5b520ea452/library/core/src/option.rs:605:4

error[E0061]: this function takes 3 arguments but 2 arguments were supplied
   --> quecto-agentic-harness/src/infrastructure/tools/agent_cmd_containers_tests.rs:102:27
    |
102 |     let killed = block_on(execute_container_command(
    |                           ^^^^^^^^^^^^^^^^^^^^^^^^^
103 |         Some(&uc),
104 |         &serde_json::json!({"agent_id":"*","command":"kill_container","name":"tool-env"}),
    |         --------------------------------------------------------------------------------- argument #2 of type `std::option::Option<&std::sync::Arc<EnvironmentControlUseCase>>` is missing
    |
note: function defined here
   --> quecto-agentic-harness/src/infrastructure/tools/agent_cmd_containers.rs:21:21
    |
 21 | pub(super) async fn execute_container_command(
    |                     ^^^^^^^^^^^^^^^^^^^^^^^^^
 22 |     list_environments: Option<&Arc<ListEnvironmentsQuery>>,
 23 |     environment_control: Option<&Arc<EnvironmentControlUseCase>>,
    |     ------------------------------------------------------------
help: provide the argument
    |
102 |     let killed = block_on(execute_container_command(
103 |         Some(&uc),
104 ~         /* std::option::Option<&std::sync::Arc<EnvironmentControlUseCase>> */,
105 ~         &serde_json::json!({"agent_id":"*","command":"kill_container","name":"tool-env"}),
    |

error[E0308]: mismatched types
   --> quecto-agentic-harness/src/infrastructure/tools/agent_cmd_containers_tests.rs:114:14
    |
114 |         Some(&uc),
    |         ---- ^^^ expected `&Arc<ListEnvironmentsQuery>`, found `&Arc<EnvironmentControlUseCase>`
    |         |
    |         arguments to this enum variant are incorrect
    |
    = note: expected reference `&std::sync::Arc<ListEnvironmentsQuery>`
               found reference `&std::sync::Arc<EnvironmentControlUseCase>`
help: the type constructed contains `&std::sync::Arc<EnvironmentControlUseCase>` due to the type of the argument passed
   --> quecto-agentic-harness/src/infrastructure/tools/agent_cmd_containers_tests.rs:114:9
    |
114 |         Some(&uc),
    |         ^^^^^---^
    |              |
    |              this argument influences the type of `Some`
note: tuple variant defined here
   --> /rustc/8bab26f4f68e0e26f0bb7960be334d5b520ea452/library/core/src/option.rs:605:4

error[E0061]: this function takes 3 arguments but 2 arguments were supplied
   --> quecto-agentic-harness/src/infrastructure/tools/agent_cmd_containers_tests.rs:113:28
    |
113 |     let unknown = block_on(execute_container_command(
    |                            ^^^^^^^^^^^^^^^^^^^^^^^^^
114 |         Some(&uc),
115 |         &serde_json::json!({"agent_id":"*","command":"kill_container","ref":"C9"}),
    |         -------------------------------------------------------------------------- argument #2 of type `std::option::Option<&std::sync::Arc<EnvironmentControlUseCase>>` is missing
    |
note: function defined here
   --> quecto-agentic-harness/src/infrastructure/tools/agent_cmd_containers.rs:21:21
    |
 21 | pub(super) async fn execute_container_command(
    |                     ^^^^^^^^^^^^^^^^^^^^^^^^^
 22 |     list_environments: Option<&Arc<ListEnvironmentsQuery>>,
 23 |     environment_control: Option<&Arc<EnvironmentControlUseCase>>,
    |     ------------------------------------------------------------
help: provide the argument
    |
113 |     let unknown = block_on(execute_container_command(
114 |         Some(&uc),
115 ~         /* std::option::Option<&std::sync::Arc<EnvironmentControlUseCase>> */,
116 ~         &serde_json::json!({"agent_id":"*","command":"kill_container","ref":"C9"}),
    |

Some errors have detailed explanations: E0061, E0308.
For more information about an error, try `rustc --explain E0061`.
error: could not compile `quecto-agentic-harness` (lib test) due to 11 previous errors
