 M quecto-agentic-harness/src/application/environment_control.rs
 M quecto-agentic-harness/src/application/environment_control_tests.rs
 M quecto-agentic-harness/src/application/mod.rs
 M quecto-agentic-harness/src/infrastructure/extensions/native.rs
 M quecto-agentic-harness/src/infrastructure/tools/agent_cmd.rs
 M quecto-agentic-harness/src/infrastructure/tools/agent_cmd_containers.rs
 M quecto-agentic-harness/src/infrastructure/tools/agent_cmd_containers_tests.rs
 M quecto-agentic-harness/src/infrastructure/tools/environment_kill.rs
 M quecto-agentic-harness/src/infrastructure/tools/environment_kill_tests.rs
 M quecto-agentic-harness/src/lib.rs
 M quecto-agentic-harness/tests/architecture.rs
?? analysis/
?? quecto-agentic-harness/src/application/environments/
 .../src/application/environment_control.rs         |  8 +----
 .../src/application/environment_control_tests.rs   | 19 +----------
 quecto-agentic-harness/src/application/mod.rs      |  1 +
 .../src/infrastructure/extensions/native.rs        |  7 ++--
 .../src/infrastructure/tools/agent_cmd.rs          | 23 ++++++++++----
 .../infrastructure/tools/agent_cmd_containers.rs   | 36 ++++++++++++---------
 .../tools/agent_cmd_containers_tests.rs            | 18 ++++++++---
 .../src/infrastructure/tools/environment_kill.rs   |  2 +-
 .../infrastructure/tools/environment_kill_tests.rs |  2 +-
 quecto-agentic-harness/src/lib.rs                  |  1 -
 quecto-agentic-harness/tests/architecture.rs       | 37 +++++++++++++++++++---
 11 files changed, 94 insertions(+), 60 deletions(-)
